// Jest Snapshot v1, https://goo.gl/fbAQLP

exports[`snapshots 1`] = `
<div
  className="main-home"
>
  <h3
    className="home-title"
  >
    Math magicians is a website for all fans of mathematics. It is a Single Page App (SPA) that allows users to: Make simple calculations. Read a random math-related quote.
  </h3>
</div>
`;
