// Jest Snapshot v1, https://goo.gl/fbAQLP

exports[`snapshots 1`] = `
<div
  className="quote-main"
>
  <h3>
    I have seen the excitement and energy toward math increase in a profound way with Prodigy. The kids are inspired. They work together, they collaborate and help one another. â€” Sue Tresselt,
  </h3>
</div>
`;
